// Jest Snapshot v1, https://goo.gl/fbAQLP

exports[`svg-icons Metronome renders 1`] = `
<svg
  aria-hidden="true"
  fill="currentColor"
  viewBox="0 0 64 64"
  xmlns="http://www.w3.org/2000/svg"
>
  <title>
    metronome
  </title>
  <path
    d="M35.57 3a1.5 1.5 0 011.433 1.056l.035.136 11.609 55.316a1.5 1.5 0 01-1.16 1.777l-.153.024-.155.008H16.5a1.5 1.5 0 01-1.5-1.5l.008-.151.022-.15 5.649-27.623c.228-.008.456-.066.668-.176l.081-.042.995 1.656-2.228 10.902 9.728-.001v-1.121l-7.8-13.52-.882.463a.75.75 0 01-.878-.133l-3.981-3.976a.75.75 0 01.155-1.18l2.1-1.214-6.975-11.126a.75.75 0 01.237-1.034l.044-.026.448-.24a.75.75 0 01.99.263l6.988 11.164 1.988-1.146a.75.75 0 011.099.455l1.497 5.585a.75.75 0 01-.378.86l-.685.357 6.033 10.468V21.728a1 1 0 011-1h1.5a1 1 0 011 1v22.504l9.973.001-8.002-38.129H27.99l-3.123 15.271-.201-.752a1.508 1.508 0 00-1.457-1.107L26.339 4.2a1.5 1.5 0 011.329-1.193L27.809 3h7.76z"
  />
</svg>
`;
